
> fit-app-web@0.1.2 build
> next build

  Γû▓ Next.js 14.2.35
  - Environments: .env.local, .env

   Creating an optimized production build ...
 Γ£ô Compiled successfully
   Skipping validation of types
   Skipping linting
   Collecting page data ...
   Generating static pages (0/19) ...
   Generating static pages (4/19) 
   Generating static pages (9/19) 
   Generating static pages (14/19) 
 Γ£ô Generating static pages (19/19)
   Finalizing page optimization ...
   Collecting build traces ...

Route (app)                              Size     First Load JS
Γöî Γùï /                                    175 B          96.2 kB
Γö£ Γùï /_not-found                          873 B          88.2 kB
Γö£ ╞Æ /api/db                              0 B                0 B
Γö£ ╞Æ /api/fitbit-callback                 0 B                0 B
Γö£ ╞Æ /api/fitbit-sync                     0 B                0 B
Γö£ ╞Æ /api/setup                           0 B                0 B
Γö£ ╞Æ /api/upload                          0 B                0 B
Γö£ ╞Æ /brands/[name]                       1.76 kB        97.8 kB
Γö£ Γùï /competitions                        1.55 kB        88.9 kB
Γö£ Γùï /connect                             10 kB           159 kB
Γö£ Γùï /discover                            9.11 kB         158 kB
Γö£ ╞Æ /events/[id]                         5.67 kB         160 kB
Γö£ Γùï /feed                                19.4 kB         168 kB
Γö£ ╞Æ /groups/[id]                         17.4 kB         166 kB
Γö£ Γùï /login                               1.85 kB         156 kB
Γö£ Γùï /messages                            4.88 kB         150 kB
Γö£ Γùï /notifications                       3.65 kB         149 kB
Γö£ Γùï /post                                15.9 kB         167 kB
Γö£ ╞Æ /post/[id]                           973 B            97 kB
Γö£ Γùï /profile                             132 kB          285 kB
Γö£ ╞Æ /profile/[username]                  6.84 kB         157 kB
Γö£ Γùï /rivals                              8.02 kB         104 kB
Γö£ Γùï /signup                              2.85 kB         157 kB
Γö£ Γùï /tier-preview                        3.06 kB        90.4 kB
Γö£ Γùï /track                               351 B          87.7 kB
Γöö Γùï /workout-plan                        5.87 kB        95.6 kB
+ First Load JS shared by all            87.3 kB
  Γö£ chunks/117-22f4f9f4adf3fd71.js       31.7 kB
  Γö£ chunks/fd9d1056-7c8cb799e19c27d1.js  53.6 kB
  Γöö other shared chunks (total)          1.96 kB


Γùï  (Static)   prerendered as static content
╞Æ  (Dynamic)  server-rendered on demand

